O/E hueco 0-1 día contra P_aj (descriptivo)
  dev era 9:00  n=263 O=132 E=101.9 O/E=1.30 [1.08,1.54]  P(≥O)=0.002
  dev era 8:00  n=372 O=190 E=171.3 O/E=1.11 [0.96,1.28]  P(≥O)=0.084
  PRUEBA        n=261 O=166 E=148.6 O/E=1.12 [0.95,1.30]  P(≥O)=0.085
  vivo          n= 15 O=10 E=9.5 O/E=1.05 [0.51,1.94]  P(≥O)=0.477

== C1 hueco<=1 ×1,287
  dev era 9:00  n=263 mbits  +30.7 [+8.7,+52.5] p(≤0)=0.0031 | Top-5 44->54  Top-15 126->132 | Δret/ficha T5 +0.228 [+0.000,+0.456] T15 +0.046 [-0.061,+0.152]
  dev era 8:00  n=372 mbits   +7.2 [-10.6,+24.8] p(≤0)=0.2190 | Top-5 90->92  Top-15 232->229 | Δret/ficha T5 +0.032 [-0.113,+0.177] T15 -0.016 [-0.054,+0.022]
  PRUEBA        n=261 mbits  +13.5 [-7.2,+34.0] p(≤0)=0.0997 | Top-5 54->57  Top-15 132->136 | Δret/ficha T5 +0.069 [-0.023,+0.184] T15 +0.031 [-0.038,+0.100]
  vivo          n= 15 mbits   +1.9 [-92.6,+77.7] p(≤0)=0.4251 | Top-5 4->3  Top-15 12->12 | Δret/ficha T5 -0.400 [-1.200,+0.000] T15 +0.000 [+0.000,+0.000]

== C2 4 bins hueco
  dev era 9:00  n=263 mbits  +31.0 [+12.4,+49.0] p(≤0)=0.0002 | Top-5 44->54  Top-15 126->130 | Δret/ficha T5 +0.228 [+0.023,+0.433] T15 +0.030 [-0.068,+0.129]
  dev era 8:00  n=372 mbits   +6.0 [-9.9,+22.0] p(≤0)=0.2261 | Top-5 90->91  Top-15 232->224 | Δret/ficha T5 +0.016 [-0.129,+0.161] T15 -0.043 [-0.091,+0.005]
  PRUEBA        n=261 mbits  +12.4 [-5.9,+30.8] p(≤0)=0.0888 | Top-5 54->57  Top-15 132->134 | Δret/ficha T5 +0.069 [-0.023,+0.184] T15 +0.015 [-0.046,+0.077]
  vivo          n= 15 mbits   +0.8 [-79.3,+71.7] p(≤0)=0.4736 | Top-5 4->3  Top-15 12->12 | Δret/ficha T5 -0.400 [-1.200,+0.000] T15 +0.000 [+0.000,+0.000]

== C3 temperatura β=0,967
  dev era 9:00  n=263 mbits   +0.7 [-0.9,+2.4] p(≤0)=0.1909 | Top-5 44->44  Top-15 126->126 | Δret/ficha T5 +0.000 [+0.000,+0.000] T15 +0.000 [+0.000,+0.000]
  dev era 8:00  n=372 mbits   -0.3 [-2.6,+2.0] p(≤0)=0.6074 | Top-5 90->90  Top-15 232->232 | Δret/ficha T5 +0.000 [+0.000,+0.000] T15 +0.000 [+0.000,+0.000]
  PRUEBA        n=261 mbits   +1.9 [-0.4,+4.2] p(≤0)=0.0497 | Top-5 54->54  Top-15 132->132 | Δret/ficha T5 +0.000 [+0.000,+0.000] T15 +0.000 [+0.000,+0.000]
  vivo          n= 15 mbits   -6.3 [-14.5,+2.1] p(≤0)=0.9285 | Top-5 4->4  Top-15 12->12 | Δret/ficha T5 +0.000 [+0.000,+0.000] T15 +0.000 [+0.000,+0.000]
