  [C vida 90.0] 2024-03 ((56, 65),) 1s
  [C vida 90.0] 2024-04 ((82, 99),) 2s
  [C vida 90.0] 2024-05 ((84, 61),) 3s
  [C vida 90.0] 2024-06 ((77, 44),) 2s
  [C vida 90.0] 2024-07 ((44, 101),) 3s
  [C vida 90.0] 2024-08 ((31, 48),) 2s
  [C vida 90.0] 2024-09 ((55, 139),) 162s
  [C vida 90.0] 2024-10 ((67, 84),) 25s
  [C vida 90.0] 2024-11 ((96, 143),) 6s
  [C vida 90.0] 2024-12 ((110, 128),) 148s
  [C vida 90.0] 2025-01 ((111, 110),) 422s
  [C vida 90.0] 2025-02 ((64, 110),) 255s
  [C vida 90.0] 2025-03 ((40, 116),) 6s
  [C vida 90.0] 2025-04 ((63, 63),) 6s
  [C vida 90.0] 2025-05 ((86, 60),) 7s
  [C vida 90.0] 2025-06 ((181, 198),) 14s
total 1066s

real	17m47.909s
user	38m32.029s
sys	0m5.964s
